
Running 20 tests using 1 worker

(node:7866) Warning: The 'NO_COLOR' env is ignored due to the 'FORCE_COLOR' env being set.
(Use `node --trace-warnings ...` to show where the warning was created)
(node:7866) Warning: The 'NO_COLOR' env is ignored due to the 'FORCE_COLOR' env being set.
(Use `node --trace-warnings ...` to show where the warning was created)
  ✘   1 [chromium] › e2e/coach-mode-critical.spec.ts:21:7 › P0 Critical - Coach Mode › P0-01: Entry card appears when match score exists (7.8s)
(node:7958) Warning: The 'NO_COLOR' env is ignored due to the 'FORCE_COLOR' env being set.
(Use `node --trace-warnings ...` to show where the warning was created)
(node:7958) Warning: The 'NO_COLOR' env is ignored due to the 'FORCE_COLOR' env being set.
(Use `node --trace-warnings ...` to show where the warning was created)
✅ P0-02: Coach Mode loaded in 419ms
  ✓   2 [chromium] › e2e/coach-mode-critical.spec.ts:35:7 › P0 Critical - Coach Mode › P0-02: Performance - Coach Mode loads in <2s (571ms)
  ✘   3 [chromium] › e2e/coach-mode-critical.spec.ts:44:7 › P0 Critical - Coach Mode › P0-03: Enter Coach Mode navigates successfully (1.5m)
(node:8685) Warning: The 'NO_COLOR' env is ignored due to the 'FORCE_COLOR' env being set.
(Use `node --trace-warnings ...` to show where the warning was created)
(node:8685) Warning: The 'NO_COLOR' env is ignored due to the 'FORCE_COLOR' env being set.
(Use `node --trace-warnings ...` to show where the warning was created)
  ✘   4 [chromium] › e2e/coach-mode-critical.spec.ts:59:7 › P0 Critical - Coach Mode › P0-04: Discovery questions generate (15-16 count) (1.5m)
(node:9413) Warning: The 'NO_COLOR' env is ignored due to the 'FORCE_COLOR' env being set.
(Use `node --trace-warnings ...` to show where the warning was created)
(node:9413) Warning: The 'NO_COLOR' env is ignored due to the 'FORCE_COLOR' env being set.
(Use `node --trace-warnings ...` to show where the warning was created)
  ✘   5 [chromium] › e2e/coach-mode-critical.spec.ts:77:7 › P0 Critical - Coach Mode › P0-05: Can type answer in textarea (1.5m)
(node:10154) Warning: The 'NO_COLOR' env is ignored due to the 'FORCE_COLOR' env being set.
(Use `node --trace-warnings ...` to show where the warning was created)
(node:10154) Warning: The 'NO_COLOR' env is ignored due to the 'FORCE_COLOR' env being set.
(Use `node --trace-warnings ...` to show where the warning was created)
  ✘   6 [chromium] › e2e/coach-mode-critical.spec.ts:92:7 › P0 Critical - Coach Mode › P0-06: Auto-save triggers within 3 seconds (1.5m)
(node:10899) Warning: The 'NO_COLOR' env is ignored due to the 'FORCE_COLOR' env being set.
(Use `node --trace-warnings ...` to show where the warning was created)
(node:10899) Warning: The 'NO_COLOR' env is ignored due to the 'FORCE_COLOR' env being set.
(Use `node --trace-warnings ...` to show where the warning was created)
  ✘   7 [chromium] › e2e/coach-mode-critical.spec.ts:121:7 › P0 Critical - Coach Mode › P0-07: 🌟 MOST CRITICAL - Page refresh preserves answers (1.5m)
(node:11681) Warning: The 'NO_COLOR' env is ignored due to the 'FORCE_COLOR' env being set.
(Use `node --trace-warnings ...` to show where the warning was created)
(node:11681) Warning: The 'NO_COLOR' env is ignored due to the 'FORCE_COLOR' env being set.
(Use `node --trace-warnings ...` to show where the warning was created)
  ✘   8 [chromium] › e2e/coach-mode-critical.spec.ts:159:7 › P0 Critical - Coach Mode › P0-08: Complete discovery triggers profile analysis (1.5m)
(node:12473) Warning: The 'NO_COLOR' env is ignored due to the 'FORCE_COLOR' env being set.
(Use `node --trace-warnings ...` to show where the warning was created)
(node:12473) Warning: The 'NO_COLOR' env is ignored due to the 'FORCE_COLOR' env being set.
(Use `node --trace-warnings ...` to show where the warning was created)
✅ P0-09: Profile saved (881 bytes)
  ✓   9 [chromium] › e2e/coach-mode-critical.spec.ts:197:7 › P0 Critical - Coach Mode › P0-09: Profile analysis saves to database (124ms)
  ✘  10 [chromium] › e2e/coach-mode-critical.spec.ts:218:7 › P0 Critical - Coach Mode › P0-10: Score recalculation works (API returns success) (1.5m)
(node:13359) Warning: The 'NO_COLOR' env is ignored due to the 'FORCE_COLOR' env being set.
(Use `node --trace-warnings ...` to show where the warning was created)
(node:13359) Warning: The 'NO_COLOR' env is ignored due to the 'FORCE_COLOR' env being set.
(Use `node --trace-warnings ...` to show where the warning was created)
